
> codeteam-|-sviluppo-software,-web-e-mobile-su-misura-a-brescia@0.0.0 build
> vite build

[36mvite v6.4.1 [32mbuilding for production...[36m[39m
transforming...
[32mÔ£ô[39m 1741 modules transformed.
rendering chunks...
computing gzip size...
[2mdist/[22m[32mindex.html                 [39m[1m[2m  6.43 kB[22m[1m[22m[2m Ôöé gzip:   2.15 kB[22m
[2mdist/[22m[35massets/index-BRZFeEZ6.css  [39m[1m[2m  0.03 kB[22m[1m[22m[2m Ôöé gzip:   0.05 kB[22m
[2mdist/[22m[36massets/index-C_DTC2G8.js   [39m[1m[2m420.38 kB[22m[1m[22m[2m Ôöé gzip: 120.51 kB[22m
[32mÔ£ô built in 2.09s[39m
